$ tsdown src/index.ts --format esm --dts --clean && mv dist/index-*.d.ts dist/index.d.ts 2>/dev/null || true
ℹ tsdown v0.20.3 powered by rolldown v1.0.0-rc.3
ℹ config file: /Users/shawwalters/eliza-workspace/milady/tsdown.config.ts 
ℹ entry: src/index.ts
ℹ tsconfig: tsconfig.json
ℹ entry: src/index.ts
ℹ tsconfig: tsconfig.json
ℹ entry: src/index.ts
ℹ tsconfig: tsconfig.json
ℹ entry: src/index.ts
ℹ tsconfig: tsconfig.json
ℹ Build start
ℹ Cleaning 16 files
ℹ dist/index.js    25.17 kB │ gzip: 7.05 kB
ℹ dist/index.d.ts   4.99 kB │ gzip: 1.40 kB
ℹ 2 files, total: 30.16 kB
[33m[PLUGIN_TIMINGS] Warning:[0m Your build spent significant time in plugin `rolldown-plugin-dts:generate`. See https://rolldown.rs/options/checks#plugintimings for more details.

ℹ dist/index.js    25.17 kB │ gzip: 7.05 kB
ℹ dist/index.d.ts   4.99 kB │ gzip: 1.40 kB
ℹ 2 files, total: 30.16 kB
✔ Build complete in 4584ms
[33m[PLUGIN_TIMINGS] Warning:[0m Your build spent significant time in plugin `rolldown-plugin-dts:generate`. See https://rolldown.rs/options/checks#plugintimings for more details.

ℹ dist/index.js    25.17 kB │ gzip: 7.05 kB
ℹ dist/index.d.ts   4.99 kB │ gzip: 1.40 kB
ℹ 2 files, total: 30.16 kB
✔ Build complete in 4585ms
[33m[PLUGIN_TIMINGS] Warning:[0m Your build spent significant time in plugin `rolldown-plugin-dts:generate`. See https://rolldown.rs/options/checks#plugintimings for more details.

✔ Build complete in 4586ms
ℹ dist/index.js               1.95 kB │ gzip: 0.79 kB
ℹ dist/channel.js             7.03 kB │ gzip: 2.23 kB
ℹ dist/callback-server.js     5.50 kB │ gzip: 1.96 kB
ℹ dist/proxy-client.js        4.03 kB │ gzip: 1.40 kB
ℹ dist/runtime-bridge.js      3.68 kB │ gzip: 1.13 kB
ℹ dist/bot.js                 1.50 kB │ gzip: 0.65 kB
ℹ dist/reply-dispatcher.js    1.28 kB │ gzip: 0.52 kB
ℹ dist/utils/qrcode.js        0.93 kB │ gzip: 0.33 kB
ℹ dist/index.d.ts             0.98 kB │ gzip: 0.45 kB
ℹ dist/types.d.ts             1.37 kB │ gzip: 0.50 kB
ℹ dist/proxy-client.d.ts      0.95 kB │ gzip: 0.43 kB
ℹ dist/channel.d.ts           0.89 kB │ gzip: 0.39 kB
ℹ dist/bot.d.ts               0.70 kB │ gzip: 0.36 kB
ℹ dist/reply-dispatcher.d.ts  0.49 kB │ gzip: 0.27 kB
ℹ dist/runtime-bridge.d.ts    0.43 kB │ gzip: 0.25 kB
ℹ 15 files, total: 31.70 kB
[33m[PLUGIN_TIMINGS] Warning:[0m Your build spent significant time in plugin `rolldown-plugin-dts:generate`. See https://rolldown.rs/options/checks#plugintimings for more details.

✔ Build complete in 4614ms
